// Jest Snapshot v1, https://goo.gl/fbAQLP

exports[`KinesisFirehoseS3Athena default 1`] = `
Object {
  "Resources": Object {
    "testBucket23D1CF2E": Object {
      "DeletionPolicy": "Retain",
      "Properties": Object {
        "BucketName": "test-bucket",
      },
      "Type": "AWS::S3::Bucket",
      "UpdateReplacePolicy": "Retain",
    },
    "testDatabase0AE97934": Object {
      "Properties": Object {
        "CatalogId": Object {
          "Ref": "AWS::AccountId",
        },
        "DatabaseInput": Object {
          "Name": "test-database",
        },
      },
      "Type": "AWS::Glue::Database",
    },
    "testDelivery70D587DB": Object {
      "Properties": Object {
        "DeliveryStreamName": "test-delivery",
        "DeliveryStreamType": "DirectPut",
        "S3DestinationConfiguration": Object {
          "BucketARN": Object {
            "Fn::GetAtt": Array [
              "testBucket23D1CF2E",
              "Arn",
            ],
          },
          "BufferingHints": Object {
            "IntervalInSeconds": 60,
            "SizeInMBs": 5,
          },
          "CompressionFormat": "GZIP",
          "Prefix": "test/",
          "RoleARN": Object {
            "Fn::GetAtt": Array [
              "testRoleA48AD45D",
              "Arn",
            ],
          },
        },
      },
      "Type": "AWS::KinesisFirehose::DeliveryStream",
    },
    "testRoleA48AD45D": Object {
      "Properties": Object {
        "AssumeRolePolicyDocument": Object {
          "Statement": Array [
            Object {
              "Action": "sts:AssumeRole",
              "Effect": "Allow",
              "Principal": Object {
                "Service": "firehose.amazonaws.com",
              },
            },
          ],
          "Version": "2012-10-17",
        },
        "ManagedPolicyArns": Array [
          Object {
            "Fn::Join": Array [
              "",
              Array [
                "arn:",
                Object {
                  "Ref": "AWS::Partition",
                },
                ":iam::aws:policy/AmazonS3FullAccess",
              ],
            ],
          },
        ],
        "RoleName": "test-role",
      },
      "Type": "AWS::IAM::Role",
    },
    "testTable71FF6B8F": Object {
      "Properties": Object {
        "CatalogId": Object {
          "Ref": "AWS::AccountId",
        },
        "DatabaseName": Object {
          "Ref": "testDatabase0AE97934",
        },
        "TableInput": Object {
          "Description": "test-table generated by CDK",
          "Name": "test-table",
          "Parameters": Object {
            "classification": "json",
            "has_encrypted_data": false,
          },
          "StorageDescriptor": Object {
            "Columns": Array [
              Object {
                "Name": "id",
                "Type": "string",
              },
              Object {
                "Name": "name",
                "Type": "string",
              },
            ],
            "Compressed": false,
            "InputFormat": "org.apache.hadoop.mapred.TextInputFormat",
            "Location": Object {
              "Fn::Join": Array [
                "",
                Array [
                  "s3://",
                  Object {
                    "Ref": "testBucket23D1CF2E",
                  },
                  "/test/",
                ],
              ],
            },
            "OutputFormat": "org.apache.hadoop.hive.ql.io.HiveIgnoreKeyTextOutputFormat",
            "SerdeInfo": Object {
              "SerializationLibrary": "org.openx.data.jsonserde.JsonSerDe",
            },
            "StoredAsSubDirectories": false,
          },
          "TableType": "EXTERNAL_TABLE",
        },
      },
      "Type": "AWS::Glue::Table",
    },
  },
}
`;
